⚡ strike /tmp/strike-golden   no model                                                                            ready
╭─ context ────────────────────────────────────────────────────────────────────────────────────────────────────────────╮
│ supervised · 1 skills · default permissions · /provider to connect                                                   │
╰──────────────────────────────────────────────────────────────────────────────────────────────────────────────────────╯













                                                     ▁▁▁▁▁▁▁▁▁▁▁▁▁▁
                                                     ⚡ S T R I K E
                                                     ▔▔▔▔▔▔▔▔▔▔▔▔▔▔

                                ╭─ chat ❯ ─────────────────────────────────────────────╮
                                │ ❯ Ask anything…  (/ commands, ! shell)               │
                                │ ❯                                                    │
                                ╰─ enter send · ctrl+j/shift+enter/alt+enter newline ──╯














enter send · ctrl+j/shift+enter/alt+enter newline · ctrl+e external editor · esc cancel · ctrl+k palette · f1 keybinds