⚡ strike /tmp/strike-golden   no model                                    ready
╭─ get started ───────────────────────╮  ╭─ keys ──────────────────────────────╮
│ /provider connect a model           │  │ ctrl+h  focus left                  │
│ ◦ anthropic  none                   │  │ ctrl+l  focus right                 │
│ ◦ openai  none                      │  │ ctrl+o  next window                 │
│ ◦ xai  none                         │  │ ctrl+p  prev window                 │
│ ◦ google  none                      │  │ ctrl+;  toggle split                │
│ ◦ kimi  none                        │  │ ctrl+e  external editor             │
╰─────────────────────────────────────╯  ╰─────────────────────────────────────╯


╭─ agents & skills ────────────────────────────────────────────────────────────╮
│ agents                                                                       │
│   ◆ build                                                                    │
│ skills                                                                       │
│   /review                                                                    │
│   ◆ plan                                                                     │
╰──────────────────────────────────────────────────────────────────────────────╯

╭─ prompt ❯ ───────────────────────────────────────────────────────────────────╮
│ ❯ Ask anything…  (/ commands, ! shell)                                       │
│ ❯                                                                            │
╰─ enter send · ctrl+j/shift+enter/alt+enter newline ──────────────────────────╯
ctrl+h/ctrl+l panes · ctrl+o/ctrl+p windows · ctrl+; toggle split