⚡ strike /tmp/strike-golden   no model                                                 ready
╭─ context ─────────────────────────────────────────────────────────────────────────────────╮
│ supervised · 1 skills · default permissions · /provider to connect                        │
╰───────────────────────────────────────────────────────────────────────────────────────────╯









          ╭─ Select theme ───────────────────────────────────────────────────────╮
          │ filter: ▏  7/7                                                       │
          │ ▸ Strike (current) — strike · builtin                                │
          │   Catppuccin — catppuccin · builtin                                  │
          │   Dracula — dracula · builtin                                        │
          │   Gruvbox — gruvbox · builtin                                        │
          │   Monokai — monokai · builtin                                        │
          │   Nord — nord · builtin                                              │
          │   Tokyo Night — tokyo-night · builtin                                │
          │                                                                      │
          │ up/down/j/k move · type to filter · enter select · ctrl+d set        │
          │ default · esc close                                                  │
          ╰──────────────────────────────────────────────────────────────────────╯













esc close · f1 keybinds