⚡ strike /tmp/strike-golden   no model   host+sandbox                                 ready
┌─ context ────────────────────────────────────────────────────────────────────────────────┐
│ supervised · 1 skills · default permissions · host+sandbox · /provider to connect        │
└──────────────────────────────────────────────────────────────────────────────────────────┘























                                       ▁▁▁▁▁▁▁▁▁▁▁▁▁▁
                                       ⚡ S T R I K E
                                       ▔▔▔▔▔▔▔▔▔▔▔▔▔▔

                          ◦ / commands · ! shell · @ file mentions
                  ┌─ chat ❯ ─────────────────────────────────────────────┐
                  │ ❯ Ask anything…  (/ commands, ! shell)               │
                  │ ❯                                                    │
                  └─ enter send · ctrl+j/shift+enter/alt+enter newline ──┘























enter send · ctrl+j/shift+enter/alt+enter newline · ctrl+e external editor · esc cancel