S STRIKE /tmp/strike-golden  NO MODEL host+sandbox                                      READY
CONTEXT  supervised · 1 skills · default permissions · host+sandbox · /provider to connect











          ┌─ Select theme ───────────────────────────────────────────────────────┐
          │ filter: ▏  7/7                                                       │
          │ ▸ Strike (current) — strike · builtin                                │
          │   Catppuccin — catppuccin · builtin                                  │
          │   Dracula — dracula · builtin                                        │
          │   Gruvbox — gruvbox · builtin                                        │
          │   Monokai — monokai · builtin                                        │
          │   Nord — nord · builtin                                              │
          │   Tokyo Night — tokyo-night · builtin                                │
          │                                                                      │
          │ ↑/↓ preview · type filter · enter apply · ctrl+d default · esc       │
          │ revert                                                               │
          └──────────────────────────────────────────────────────────────────────┘













esc close · f1 keybinds